// Jest Snapshot v1, https://goo.gl/fbAQLP

exports[`RamColumn renders 1`] = `
<RamColumn
  systemId="abc123"
>
  <DoubleRow
    primary={
      <MachineTestStatus
        status={2}
        tooltipPosition="top-right"
      >
        <span
          data-testid="memory"
        >
          8
        </span>
         
        <small
          className="u-text--light"
        >
          GiB
        </small>
      </MachineTestStatus>
    }
    primaryClassName="u-align--right"
  >
    <div
      className="p-double-row"
    >
      <div
        className="p-double-row__rows-container"
      >
        <div
          className="p-double-row__primary-row u-align--right"
        >
          <div
            className="p-double-row__primary-row-text u-truncate"
            data-testid="primary"
          >
            <MachineTestStatus
              status={2}
              tooltipPosition="top-right"
            >
              <span
                data-testid="memory"
              >
                8
              </span>
               
              <small
                className="u-text--light"
              >
                GiB
              </small>
            </MachineTestStatus>
          </div>
        </div>
      </div>
    </div>
  </DoubleRow>
</RamColumn>
`;
