// Jest Snapshot v1, https://goo.gl/fbAQLP

exports[`MachineSummary renders 1`] = `
<MachineSummary
  setSidePanelContent={[MockFunction]}
>
  <Spinner
    text="Loading"
  >
    <span
      aria-live="polite"
      className="p-text--default"
      role="alert"
    >
      <i
        className="p-icon--spinner u-animation--spin"
      />
      â€‚
      <span>
        Loading
      </span>
    </span>
  </Spinner>
</MachineSummary>
`;
