// Jest Snapshot v1, https://goo.gl/fbAQLP

exports[`ScriptStatus  renders 1`] = `
<Fragment>
  <i
    className="p-icon--success is-inline"
  />
  All tests have passed
</Fragment>
`;
