// Jest Snapshot v1, https://goo.gl/fbAQLP

exports[`FilterAccordion renders 1`] = `
<FilterAccordion
  setSearchText={[MockFunction]}
>
  <ContextualMenu
    className="filter-accordion"
    constrainPanelWidth={true}
    dropdownContent={
      <Accordion
        className="filter-accordion__dropdown"
        sections={
          Array [
            Object {
              "content": <List
                className="u-no-margin--bottom"
                items={
                  Array [
                    <Button
                      appearance="base"
                      className="u-align-text--left u-no-margin--bottom filter-accordion__item is-dense"
                      onClick={[Function]}
                    >
                      pool1
                       
                      (
                      1
                      )
                    </Button>,
                  ]
                }
              />,
              "title": "Resource pool",
            },
            Object {
              "content": <List
                className="u-no-margin--bottom"
                items={
                  Array [
                    <Button
                      appearance="base"
                      className="u-align-text--left u-no-margin--bottom filter-accordion__item is-dense"
                      onClick={[Function]}
                    >
                      zone1
                       
                      (
                      1
                      )
                    </Button>,
                  ]
                }
              />,
              "title": "Zone",
            },
            Object {
              "content": <List
                className="u-no-margin--bottom"
                items={
                  Array [
                    <Button
                      appearance="base"
                      className="u-align-text--left u-no-margin--bottom filter-accordion__item is-dense"
                      onClick={[Function]}
                    >
                      undefined nodes
                       
                      (
                      1
                      )
                    </Button>,
                  ]
                }
              />,
              "title": "NUMA nodes",
            },
            Object {
              "content": <List
                className="u-no-margin--bottom"
                items={
                  Array [
                    <Button
                      appearance="base"
                      className="u-align-text--left u-no-margin--bottom filter-accordion__item is-dense"
                      onClick={[Function]}
                    >
                      Not supported
                       
                      (
                      1
                      )
                    </Button>,
                  ]
                }
              />,
              "title": "SR-IOV support",
            },
            Object {
              "content": <List
                className="u-no-margin--bottom"
                items={
                  Array [
                    <Button
                      appearance="base"
                      className="u-align-text--left u-no-margin--bottom filter-accordion__item is-dense"
                      onClick={[Function]}
                    >
                      100 Mbps
                       
                      (
                      1
                      )
                    </Button>,
                  ]
                }
              />,
              "title": "Link speed",
            },
          ]
        }
      />
    }
    hasToggleIcon={true}
    position="left"
    toggleClassName="filter-accordion__toggle"
    toggleLabel="Filters"
  >
    <span
      className="filter-accordion p-contextual-menu--left"
    >
      <Button
        aria-controls="Uakgb_J5m9g-0JDMbcJqLJ"
        aria-expanded="false"
        aria-haspopup="true"
        className="p-contextual-menu__toggle filter-accordion__toggle"
        hasIcon={true}
        onClick={[Function]}
      >
        <button
          aria-controls="Uakgb_J5m9g-0JDMbcJqLJ"
          aria-expanded="false"
          aria-haspopup="true"
          className="p-button--neutral has-icon p-contextual-menu__toggle filter-accordion__toggle"
          onClick={[Function]}
        >
          <span>
            Filters
          </span>
          <i
            className="p-icon--contextual-menu p-contextual-menu__indicator"
          />
        </button>
      </Button>
    </span>
  </ContextualMenu>
</FilterAccordion>
`;
