// Jest Snapshot v1, https://goo.gl/fbAQLP

exports[`PowerColumn renders 1`] = `
<PowerColumn
  systemId="abc123"
>
  <DoubleRow
    icon={
      <i
        className="p-icon--power-on"
        title="on"
      />
    }
    iconSpace={true}
    menuClassName={null}
    menuLinks={
      Array [
        Object {
          "children": <React.Fragment>
            Check power
          </React.Fragment>,
          "onClick": [Function],
        },
      ]
    }
    menuTitle="Take action:"
    primary={
      <div
        className="u-upper-case--first"
        data-test="power_state"
      >
        on
      </div>
    }
    secondary={
      <div
        className="u-upper-case--first"
        data-test="power_type"
        title="virsh"
      >
        virsh
      </div>
    }
  >
    <div
      className="p-double-row--with-icon"
    >
      <div
        className="p-double-row__icon"
      >
        <i
          className="p-icon--power-on"
          title="on"
        />
      </div>
      <div
        className="p-double-row__rows-container"
      >
        <div
          className="p-double-row__primary-row"
        >
          <div
            className="p-double-row__primary-row-text u-truncate"
          >
            <div
              className="u-upper-case--first"
              data-test="power_state"
            >
              on
            </div>
          </div>
          <TableMenu
            className={null}
            links={
              Array [
                Object {
                  "children": <React.Fragment>
                    Check power
                  </React.Fragment>,
                  "onClick": [Function],
                },
              ]
            }
            title="Take action:"
          >
            <ContextualMenu
              className="p-table-menu"
              dropdownClassName="u-no-margin--top"
              hasToggleIcon={true}
              links={
                Array [
                  "Take action:",
                  Object {
                    "children": <React.Fragment>
                      Check power
                    </React.Fragment>,
                    "onClick": [Function],
                  },
                ]
              }
              position="center"
              toggleAppearance="base"
              toggleClassName="u-no-margin--bottom p-table-menu__toggle"
            >
              <span
                className="p-table-menu p-contextual-menu--center"
              >
                <Button
                  appearance="base"
                  aria-controls="Uakgb_J5m9g-0JDMbcJqLJ"
                  aria-expanded="false"
                  aria-haspopup="true"
                  className="p-contextual-menu__toggle u-no-margin--bottom p-table-menu__toggle"
                  hasIcon={true}
                  onClick={[Function]}
                >
                  <button
                    aria-controls="Uakgb_J5m9g-0JDMbcJqLJ"
                    aria-expanded="false"
                    aria-haspopup="true"
                    className="p-button--base has-icon p-contextual-menu__toggle u-no-margin--bottom p-table-menu__toggle"
                    onClick={[Function]}
                  >
                    <i
                      className="p-icon--contextual-menu p-contextual-menu__indicator"
                    />
                  </button>
                </Button>
              </span>
            </ContextualMenu>
          </TableMenu>
        </div>
        <div
          className="p-double-row__secondary-row u-truncate"
        >
          <div
            className="u-upper-case--first"
            data-test="power_type"
            title="virsh"
          >
            virsh
          </div>
        </div>
      </div>
    </div>
  </DoubleRow>
</PowerColumn>
`;
