// Jest Snapshot v1, https://goo.gl/fbAQLP

exports[`FabricColumn renders 1`] = `
<FabricColumn
  systemId="abc123"
>
  <DoubleRow
    primary={
      <MachineTestStatus
        data-testid="fabric"
        status={1}
        tooltipPosition="top-left"
      >
        <LegacyLink
          className="p-link--soft"
          route="/fabric/0"
        >
          fabric-0
        </LegacyLink>
      </MachineTestStatus>
    }
    primaryAriaLabel="Fabric"
    primaryTitle="fabric-0"
    secondary={
      <span
        data-testid="vlan"
      >
        Default VLAN
      </span>
    }
    secondaryAriaLabel="VLAN"
    secondaryTitle="Default VLAN"
  >
    <div
      className="p-double-row"
    >
      <div
        className="p-double-row__rows-container"
      >
        <div
          aria-label="Fabric"
          className="p-double-row__primary-row"
        >
          <div
            className="p-double-row__primary-row-text u-truncate"
            title="fabric-0"
          >
            <MachineTestStatus
              data-testid="fabric"
              status={1}
              tooltipPosition="top-left"
            >
              <ScriptStatus
                status={1}
              >
                <span>
                  <Icon
                    className="is-inline"
                    name="running"
                  >
                    <i
                      className="is-inline p-icon--running"
                    />
                  </Icon>
                  <LegacyLink
                    className="p-link--soft"
                    route="/fabric/0"
                  >
                    <Link
                      className="p-link--soft"
                      href="/MAAS/l/fabric/0"
                      onClick={[Function]}
                    >
                      <a
                        className="p-link--soft"
                        href="/MAAS/l/fabric/0"
                        onClick={[Function]}
                      >
                        fabric-0
                      </a>
                    </Link>
                  </LegacyLink>
                </span>
              </ScriptStatus>
            </MachineTestStatus>
          </div>
        </div>
        <div
          aria-label="VLAN"
          className="p-double-row__secondary-row u-truncate"
          title="Default VLAN"
        >
          <span
            data-testid="vlan"
          >
            Default VLAN
          </span>
        </div>
      </div>
    </div>
  </DoubleRow>
</FabricColumn>
`;
