// Jest Snapshot v1, https://goo.gl/fbAQLP

exports[`FieldlessForm renders 1`] = `
<FieldlessForm
  selectedAction={
    Object {
      "name": "on",
    }
  }
  setSelectedAction={[MockFunction]}
>
  <ActionForm
    actionName="on"
    allowUnchanged={true}
    cleanup={[Function]}
    clearSelectedAction={[Function]}
    modelName="machine"
    onSaveAnalytics={
      Object {
        "action": "Submit",
        "category": "Machine list action form",
        "label": "on",
      }
    }
    onSubmit={[Function]}
    processingCount={0}
    selectedCount={0}
    submitAppearance="positive"
  >
    <FormikForm
      allowAllEmpty={false}
      allowUnchanged={true}
      buttons={[Function]}
      buttonsBordered={false}
      cleanup={[Function]}
      initialValues={Object {}}
      onCancel={[Function]}
      onSaveAnalytics={
        Object {
          "action": "Submit",
          "category": "Machine list action form",
          "label": "on",
        }
      }
      onSubmit={[Function]}
      saved={false}
      saving={false}
      savingLabel="Powering on machine..."
      submitAppearance="positive"
      submitLabel="Power on machine"
    >
      <Formik
        initialValues={Object {}}
        onSubmit={[Function]}
      >
        <FormikFormContent
          allowAllEmpty={false}
          allowUnchanged={true}
          buttons={[Function]}
          buttonsBordered={false}
          editable={true}
          initialValues={Object {}}
          onCancel={[Function]}
          saved={false}
          saving={false}
          savingLabel="Powering on machine..."
          submitAppearance="positive"
          submitLabel="Power on machine"
        >
          <Form
            onSubmit={[Function]}
          >
            <form
              className=""
              onSubmit={[Function]}
            >
              <FormCardButtons
                bordered={false}
                cancelDisabled={false}
                loading={false}
                loadingLabel="Powering on machine..."
                onCancel={[Function]}
                submitAppearance="positive"
                submitDisabled={false}
                submitLabel="Power on machine"
                success={false}
              >
                <div
                  className="form-card__buttons"
                >
                  <Button
                    appearance="base"
                    className=""
                    data-test="cancel-action"
                    onClick={[Function]}
                    type="button"
                  >
                    <button
                      className="p-button--base"
                      data-test="cancel-action"
                      onClick={[Function]}
                      type="button"
                    >
                      Cancel
                    </button>
                  </Button>
                  <ActionButton
                    appearance="positive"
                    className=""
                    disabled={false}
                    loading={false}
                    success={false}
                    type="submit"
                  >
                    <button
                      className="p-button--positive"
                      disabled={false}
                      type="submit"
                    >
                      Power on machine
                    </button>
                  </ActionButton>
                </div>
              </FormCardButtons>
            </form>
          </Form>
        </FormikFormContent>
      </Formik>
    </FormikForm>
  </ActionForm>
</FieldlessForm>
`;
