// Jest Snapshot v1, https://goo.gl/fbAQLP

exports[`CoresColumn renders 1`] = `
<CoresColumn
  systemId="abc123"
>
  <DoubleRow
    className="u-align--right"
    primary={
      <MachineTestStatus
        data-testid="cores"
        status={1}
        tooltipPosition="top-right"
      >
        4
      </MachineTestStatus>
    }
    primaryAriaLabel="Cores"
    primaryClassName="u-align--right"
    secondary={
      <Tooltip
        message="amd64/generic"
        position="btm-left"
      >
        <span
          data-testid="arch"
        >
          amd64
        </span>
      </Tooltip>
    }
    secondaryAriaLabel="Architecture"
  >
    <div
      className="p-double-row u-align--right"
    >
      <div
        className="p-double-row__rows-container"
      >
        <div
          aria-label="Cores"
          className="p-double-row__primary-row u-align--right"
        >
          <div
            className="p-double-row__primary-row-text u-truncate"
          >
            <MachineTestStatus
              data-testid="cores"
              status={1}
              tooltipPosition="top-right"
            >
              <ScriptStatus
                status={1}
              >
                <span>
                  <Icon
                    className="is-inline"
                    name="running"
                  >
                    <i
                      className="is-inline p-icon--running"
                    />
                  </Icon>
                  4
                </span>
              </ScriptStatus>
            </MachineTestStatus>
          </div>
        </div>
        <div
          aria-label="Architecture"
          className="p-double-row__secondary-row u-truncate"
        >
          <Tooltip
            message="amd64/generic"
            position="btm-left"
          >
            <span
              onBlur={[Function]}
              onFocus={[Function]}
              onMouseOut={[Function]}
              onMouseOver={[Function]}
            >
              <span
                style={
                  Object {
                    "display": "inline-block",
                  }
                }
              >
                <span
                  data-testid="arch"
                >
                  amd64
                </span>
              </span>
            </span>
          </Tooltip>
        </div>
      </div>
    </div>
  </DoubleRow>
</CoresColumn>
`;
