// Jest Snapshot v1, https://goo.gl/fbAQLP

exports[`NameColumn renders 1`] = `
<NameColumn
  handleCheckbox={[MockFunction]}
  selected={Array []}
  systemId="abc123"
>
  <DoubleRow
    data-testid="name-column"
    primary={
      <RowCheckbox
        handleRowCheckbox={[MockFunction]}
        inputLabel={
          <Link
            title="test-machine-1.maas"
            to="/machine/abc123"
          >
            <strong
              data-testid="hostname"
            >
              koala
            </strong>
            <small>
              .
              example
            </small>
          </Link>
        }
        item="abc123"
        items={Array []}
      />
    }
    secondary={<NonBreakingSpace />}
    secondaryClassName="u-nudge--secondary-row u-align--left"
  >
    <div
      className="p-double-row"
    >
      <div
        className="p-double-row__rows-container"
      >
        <div
          className="p-double-row__primary-row"
        >
          <div
            className="p-double-row__primary-row-text u-truncate"
            data-testid="primary"
          >
            <RowCheckbox
              handleRowCheckbox={[MockFunction]}
              inputLabel={
                <Link
                  title="test-machine-1.maas"
                  to="/machine/abc123"
                >
                  <strong
                    data-testid="hostname"
                  >
                    koala
                  </strong>
                  <small>
                    .
                    example
                  </small>
                </Link>
              }
              item="abc123"
              items={Array []}
            >
              <Input
                checked={false}
                className="keep-label-opacity"
                id="mock-redux-js-nanoid-1"
                label={
                  <Link
                    title="test-machine-1.maas"
                    to="/machine/abc123"
                  >
                    <strong
                      data-testid="hostname"
                    >
                      koala
                    </strong>
                    <small>
                      .
                      example
                    </small>
                  </Link>
                }
                labelClassName="u-no-margin--bottom u-no-padding--top"
                onChange={[Function]}
                type="checkbox"
                wrapperClassName="u-no-margin--bottom u-nudge--checkbox"
              >
                <Field
                  className="u-no-margin--bottom u-nudge--checkbox"
                  forId="mock-redux-js-nanoid-1"
                  helpId="mock-nanoid-2"
                  isTickElement={true}
                  label=""
                  labelClassName="u-no-margin--bottom u-no-padding--top"
                  validationId="mock-nanoid-1"
                >
                  <div
                    className="p-form__group p-form-validation u-no-margin--bottom u-nudge--checkbox"
                  >
                    <div
                      className="p-form__control u-clearfix"
                    >
                      <CheckboxInput
                        aria-describedby={null}
                        aria-errormessage={null}
                        aria-invalid={false}
                        checked={false}
                        id="mock-redux-js-nanoid-1"
                        label={
                          <Link
                            title="test-machine-1.maas"
                            to="/machine/abc123"
                          >
                            <strong
                              data-testid="hostname"
                            >
                              koala
                            </strong>
                            <small>
                              .
                              example
                            </small>
                          </Link>
                        }
                        labelClassName="u-no-margin--bottom u-no-padding--top"
                        onChange={[Function]}
                      >
                        <CheckableInput
                          aria-describedby={null}
                          aria-errormessage={null}
                          aria-invalid={false}
                          checked={false}
                          id="mock-redux-js-nanoid-1"
                          indeterminate={false}
                          inputType="checkbox"
                          label={
                            <Link
                              title="test-machine-1.maas"
                              to="/machine/abc123"
                            >
                              <strong
                                data-testid="hostname"
                              >
                                koala
                              </strong>
                              <small>
                                .
                                example
                              </small>
                            </Link>
                          }
                          labelClassName="u-no-margin--bottom u-no-padding--top"
                          onChange={[Function]}
                        >
                          <label
                            className="u-no-margin--bottom u-no-padding--top p-checkbox"
                          >
                            <input
                              aria-describedby={null}
                              aria-errormessage={null}
                              aria-invalid={false}
                              aria-labelledby="mock-nanoid-3"
                              checked={false}
                              className="p-checkbox__input"
                              id="mock-redux-js-nanoid-1"
                              onChange={[Function]}
                              type="checkbox"
                            />
                            <span
                              className="p-checkbox__label"
                              id="mock-nanoid-3"
                            >
                              <Link
                                title="test-machine-1.maas"
                                to="/machine/abc123"
                              >
                                <a
                                  href="/machine/abc123"
                                  onClick={[Function]}
                                  title="test-machine-1.maas"
                                >
                                  <strong
                                    data-testid="hostname"
                                  >
                                    koala
                                  </strong>
                                  <small>
                                    .
                                    example
                                  </small>
                                </a>
                              </Link>
                            </span>
                          </label>
                        </CheckableInput>
                      </CheckboxInput>
                    </div>
                  </div>
                </Field>
              </Input>
            </RowCheckbox>
          </div>
        </div>
        <div
          className="p-double-row__secondary-row u-truncate u-nudge--secondary-row u-align--left"
          data-testid="secondary"
        >
          <NonBreakingSpace>
            Â 
          </NonBreakingSpace>
        </div>
      </div>
    </div>
  </DoubleRow>
</NameColumn>
`;
