// Jest Snapshot v1, https://goo.gl/fbAQLP

exports[`Placeholder renders 1`] = `
<span
  className="p-placeholder"
  style={
    Object {
      "animationDelay": "0ms",
    }
  }
>
  Placeholder text
</span>
`;
