// Jest Snapshot v1, https://goo.gl/fbAQLP

exports[`MainTable renders 1`] = `
<Table>
  <thead>
    <TableRow>
      <TableHeader
        key="0"
      >
        Status
      </TableHeader>
      <TableHeader
        className="u-align--right"
        key="1"
      >
        Cores
      </TableHeader>
      <TableHeader
        className="u-align--right"
        key="2"
      >
        RAM
      </TableHeader>
      <TableHeader
        className="u-align--right"
        key="3"
      >
        Disks
      </TableHeader>
    </TableRow>
  </thead>
  <tbody>
    <TableRow
      key="0"
    >
      <TableCell
        key="0"
        role="rowheader"
      >
        Ready
      </TableCell>
      <TableCell
        className="u-align--right"
        key="1"
        role="gridcell"
      >
        1
      </TableCell>
      <TableCell
        className="u-align--right"
        key="2"
        role="gridcell"
      >
        1 GiB
      </TableCell>
      <TableCell
        className="u-align--right"
        key="3"
        role="gridcell"
      >
        2
      </TableCell>
    </TableRow>
    <TableRow
      key="1"
    >
      <TableCell
        key="0"
        role="rowheader"
      >
        Waiting
      </TableCell>
      <TableCell
        className="u-align--right"
        key="1"
        role="gridcell"
      >
        1
      </TableCell>
      <TableCell
        className="u-align--right"
        key="2"
        role="gridcell"
      >
        1 GiB
      </TableCell>
      <TableCell
        className="u-align--right"
        key="3"
        role="gridcell"
      >
        2
      </TableCell>
    </TableRow>
    <TableRow
      key="2"
    >
      <TableCell
        key="0"
        role="rowheader"
      >
        Idle
      </TableCell>
      <TableCell
        className="u-align--right"
        key="1"
        role="gridcell"
      >
        8
      </TableCell>
      <TableCell
        className="u-align--right"
        key="2"
        role="gridcell"
      >
        3.9 GiB
      </TableCell>
      <TableCell
        className="u-align--right"
        key="3"
        role="gridcell"
      >
        3
      </TableCell>
    </TableRow>
  </tbody>
</Table>
`;
