// Jest Snapshot v1, https://goo.gl/fbAQLP

exports[`RamResources renders 1`] = `
<div
  className="ram-resources"
>
  <div
    className="ram-resources__chart-container"
  >
    <h4
      className="p-heading--small"
    >
      RAM
    </h4>
    <DoughnutChart
      className="ram-resources__chart"
      label="21B"
      segmentHoverWidth={18}
      segmentWidth={15}
      segments={
        Array [
          Object {
            "color": "#0066CC",
            "tooltip": "Allocated: 1B general + 4B hugepages",
            "value": 5,
          },
          Object {
            "color": "#0E8420",
            "tooltip": "Others: 3B general + 6B hugepages",
            "value": 9,
          },
          Object {
            "color": "#D3E4ED",
            "tooltip": "Free: 2B general + 5B hugepages",
            "value": 7,
          },
        ]
      }
      size={96}
    />
  </div>
  <div
    className="ram-resources__table-container"
  >
    <table
      className="ram-resources__table"
    >
      <thead>
        <tr>
          <th />
          <th
            className="u-align--right u-text--light u-truncate"
          >
            Allocated
            <span
              className="u-nudge-right--small"
            >
              <i
                className="p-circle--link"
              />
            </span>
          </th>
          <th
            className="u-align--right u-text--light u-truncate"
            data-testid="others-col"
          >
            Others
            <span
              className="u-nudge-right--small"
            >
              <i
                className="p-circle--positive"
              />
            </span>
          </th>
          <th
            className="u-align--right u-text--light u-truncate"
          >
            Free
            <span
              className="u-nudge-right--small"
            >
              <i
                className="p-circle--link-faded"
              />
            </span>
          </th>
        </tr>
      </thead>
      <tbody>
        <tr>
          <td>
            General
          </td>
          <td
            className="u-align--right"
          >
            <span
              className="u-nudge-left"
            >
              1B
            </span>
          </td>
          <td
            className="u-align--right"
          >
            <span
              className="u-nudge-left"
            >
              3B
            </span>
          </td>
          <td
            className="u-align--right"
          >
            <span
              className="u-nudge-left"
            >
              2B
            </span>
          </td>
        </tr>
        <tr
          data-testid="hugepages-data"
        >
          <td>
            Hugepage
            <br />
            <strong
              className="p-text--x-small u-text--light"
              data-testid="page-size"
            >
              (Size: 7B)
            </strong>
          </td>
          <td
            className="u-align--right"
          >
            <span
              className="u-nudge-left"
            >
              4B
            </span>
          </td>
          <td
            className="u-align--right"
          >
            <span
              className="u-nudge-left"
            >
              6B
            </span>
          </td>
          <td
            className="u-align--right"
          >
            <span
              className="u-nudge-left"
            >
              5B
            </span>
          </td>
        </tr>
      </tbody>
    </table>
  </div>
</div>
`;
