// Jest Snapshot v1, https://goo.gl/fbAQLP

exports[`TableConfirm renders 1`] = `
<Row>
  <Col
    size={5}
  >
    <p
      className="u-no-margin--bottom u-no-max-width"
    >
      Are you sure
    </p>
  </Col>
  <Col
    className="u-align--right"
    size={4}
  >
    <Button
      className="u-no-margin--bottom"
      data-test="action-cancel"
      onClick={[MockFunction]}
    >
      Cancel
    </Button>
    <ActionButton
      appearance="positive"
      className="u-no-margin--bottom"
      data-test="action-confirm"
      loading={false}
      onClick={[MockFunction]}
      success={false}
      type="button"
    >
      save
    </ActionButton>
  </Col>
</Row>
`;
