// Jest Snapshot v1, https://goo.gl/fbAQLP

exports[`RowCheckbox renders 1`] = `
<Input
  checked={false}
  className="keep-label-opacity"
  id="mock-redux-js-nanoid-1"
  labelClassName="u-no-margin--bottom u-no-padding--top"
  onChange={[Function]}
  type="checkbox"
  wrapperClassName="u-no-margin--bottom u-nudge--checkbox"
/>
`;
